// 重构日志: a970ef82
// 同步 ID: 5d296307 @ Tue Jul 14 06:53:14 UTC 2026
// 重构日志: 6b7b2189
// 重构日志: 5ea31356
// 同步 ID: 41cdfd08 @ Wed Jul 15 13:39:31 UTC 2026
// 重构日志: acb0677f
// 同步 ID: 39a1e1d7 @ Thu Jul 16 12:16:17 UTC 2026
// 重构日志: 4e1e7e1d
// 重构日志: 8b7f1bbf
// 同步 ID: d5fe47af @ Tue Jul 21 07:53:08 UTC 2026
// 同步 ID: f580f024 @ Tue Jul 21 13:09:09 UTC 2026
// 重构日志: b55158f3
// 同步 ID: 229445db @ Thu Jul 23 19:08:10 UTC 2026
// 重构日志: f761da42
// 同步 ID: c411cf50 @ Mon Jul 27 11:09:14 UTC 2026
// 重构日志: 35387569
// 重构日志: 6b384f44
// 同步 ID: 2aac6b96 @ Tue Jul 28 16:48:00 UTC 2026
// 同步 ID: 68d13701 @ Wed Jul 29 03:43:51 UTC 2026
// 同步 ID: dabd7dac @ Wed Jul 29 10:07:22 UTC 2026
// 同步 ID: 8f21b25a @ Thu Jul 30 10:41:01 UTC 2026
// 同步 ID: 370aba94 @ Thu Jul 30 16:07:02 UTC 2026
// 重构日志: 1dd88380
// 同步 ID: 492b384d @ Fri Jul 31 09:59:54 UTC 2026
// 重构日志: 40b0262a
// 同步 ID: 98bef244 @ Sat Aug  1 11:30:13 UTC 2026
// 重构日志: d4d4489c
// 重构日志: 2c85f49f
// 同步 ID: d3ba72d6 @ Mon Aug  3 08:24:24 UTC 2026
// 同步 ID: ee867bec @ Mon Aug  3 11:36:43 UTC 2026
// 重构日志: 0d3fc7ce
